// Vitest Snapshot v1, https://vitest.dev/guide/snapshot.html

exports[`preset-dark-mode-theme > basic 1`] = `
"/* layer: default */

            .flex-container,
            .flex-container-fluid {
              --un-gutter-x: 12px;
              --un-gutter-y: 0px;
              width: 100%;
              padding-right: var(--un-gutter-x, .75rem);
              padding-left: var(--un-gutter-x, .75rem);
              margin-right: auto;
              margin-left: auto;
            }

            
              @media (min-width: 1536px) {
                .flex-container {
                  max-width: 1536px;
                }
              }
              

              @media (min-width: 1280px) {
                .flex-container {
                  max-width: 1280px;
                }
              }
              

              @media (min-width: 1024px) {
                .flex-container {
                  max-width: 1024px;
                }
              }
              

              @media (min-width: 768px) {
                .flex-container {
                  max-width: 768px;
                }
              }
              

              @media (min-width: 640px) {
                .flex-container {
                  max-width: 640px;
                }
              }
              
            "
`;

exports[`preset-dark-mode-theme > media dark mode 1`] = `
"/* layer: default */

            .flex-container,
            .flex-container-fluid {
              --un-gutter-x: 12px;
              --un-gutter-y: 0px;
              width: 100%;
              padding-right: var(--un-gutter-x, .75rem);
              padding-left: var(--un-gutter-x, .75rem);
              margin-right: auto;
              margin-left: auto;
            }

            
              @media (min-width: 1536px) {
                .flex-container {
                  max-width: 1536px;
                }
              }
              

              @media (min-width: 1280px) {
                .flex-container {
                  max-width: 1280px;
                }
              }
              

              @media (min-width: 1024px) {
                .flex-container {
                  max-width: 1024px;
                }
              }
              

              @media (min-width: 768px) {
                .flex-container {
                  max-width: 768px;
                }
              }
              

              @media (min-width: 640px) {
                .flex-container {
                  max-width: 640px;
                }
              }
              
            "
`;
